// Vitest Snapshot v1

exports[`codegen > element 1`] = `
"const { toDisplayString:_toDisplayString, openBlock:_openBlock, createElementBlock:_createElementBlock } = Vue
return function render(_ctx,_cache){return (_openBlock(),_createElementBlock('div',null,_toDisplayString(_ctx.everyone)+'hello'))}"
`;

exports[`codegen > interpolation 1`] = `
"const { toDisplayString:_toDisplayString } = Vue
return function render(_ctx,_cache){return _toDisplayString(_ctx.hello)}"
`;

exports[`codegen > string 1`] = `
"
return function render(_ctx,_cache){return 'hello'}"
`;

exports[`codegen element 1`] = `
"const { toDisplayString:_toDisplayString, openBlock:_openBlock, createElementBlock:_createElementBlock } = Vue
return function render(_ctx,_cache){return (_openBlock(),_createElementBlock('div',null,_toDisplayString(_ctx.everyone)+'hello'))}"
`;

exports[`codegen interpolation 1`] = `
"const { toDisplayString:_toDisplayString } = Vue
return function render(_ctx,_cache){return _toDisplayString(_ctx.hello)}"
`;

exports[`codegen string 1`] = `
"
return function render(_ctx,_cache){return 'hello'}"
`;
