// Jest Snapshot v1, https://goo.gl/fbAQLP

exports[`codegen element 1`] = `
"const { toDisplayString:_toDisplayString, openBlock:_openBlock, createElementBlock:_createElementBlock } = vue
return function render(_ctx,_cache){return (_openBlock(),_createElementBlock('div',null,_toDisplayString(_ctx.everyone)+'hello'))}"
`;

exports[`codegen interpolation 1`] = `
"const { toDisplayString:_toDisplayString } = vue
return function render(_ctx,_cache){return _toDisplayString(_ctx.hello)}"
`;

exports[`codegen string 1`] = `
"
return function render(_ctx,_cache){return 'hello'}"
`;
